// Jest Snapshot v1, https://goo.gl/fbAQLP

exports[`App renders correctly 1`] = `
<DocumentFragment>
  <div
    class="weather-app"
  >
    <h1>
      , 
    </h1>
    <div
      class="search-form"
    >
      <input
        class="search-form__input"
        data-testid="search-form__input"
        type="text"
        value=""
      />
      <button
        class="search-form__button"
        data-testid="search-form__button"
        type="submit"
      >
        Search
      </button>
    </div>
    <div
      class="forecast-summaries"
    />
  </div>
</DocumentFragment>
`;
