// Jest Snapshot v1, https://goo.gl/fbAQLP

exports[`ForecastDetails renders correctly 1`] = `
<DocumentFragment>
  <div
    class="forecast-details"
  >
    <div
      class="forecast-details__date"
    >
      January 1st 1970
    </div>
    <div
      class="forecast-details__max-temperature"
    >
      <b>
        Max Temperature:
      </b>
       22°C
    </div>
    <div
      class="forecast-details__min-temperature"
    >
      <b>
        Min Temperature:
      </b>
       12°C
    </div>
    <div
      class="forecast-details__humidity"
    >
      <b>
        Humidity:
      </b>
       90%
    </div>
    <div
      class="forecast-details__wind"
    >
      <b>
        Wind:
      </b>
       10mph s
    </div>
  </div>
</DocumentFragment>
`;
